Command line invocation:
    /Applications/Xcode.app/Contents/Developer/usr/bin/xcodebuild -project "VPN Manager.xcodeproj" -scheme "VPN Manager" -configuration Debug -derivedDataPath build build

ComputePackagePrebuildTargetDependencyGraph

Prepare packages

CreateBuildRequest

SendProjectDescription

CreateBuildOperation

ComputeTargetDependencyGraph
note: Building targets in dependency order
note: Target dependency graph (1 target)
    Target 'VPN Manager' in project 'VPN Manager' (no dependencies)

GatherProvisioningInputs

CreateBuildDescription

ExecuteExternalTool /Applications/Xcode.app/Contents/Developer/Toolchains/XcodeDefault.xctoolchain/usr/bin/clang -v -E -dM -isysroot /Applications/Xcode.app/Contents/Developer/Platforms/MacOSX.platform/Developer/SDKs/MacOSX15.5.sdk -x c -c /dev/null

ExecuteExternalTool /Applications/Xcode.app/Contents/Developer/usr/bin/actool --version --output-format xml1

ExecuteExternalTool /Applications/Xcode.app/Contents/Developer/Toolchains/XcodeDefault.xctoolchain/usr/bin/swiftc --version

ExecuteExternalTool /Applications/Xcode.app/Contents/Developer/Toolchains/XcodeDefault.xctoolchain/usr/bin/ld -version_details

Build description signature: 45f8eaf26513b1e6d614998b28403fc7
Build description path: /Users/siberia/Desktop/VPN/VPN Manager/build/Build/Intermediates.noindex/XCBuildData/45f8eaf26513b1e6d614998b28403fc7.xcbuilddata
ClangStatCache /Applications/Xcode.app/Contents/Developer/Toolchains/XcodeDefault.xctoolchain/usr/bin/clang-stat-cache /Applications/Xcode.app/Contents/Developer/Platforms/MacOSX.platform/Developer/SDKs/MacOSX15.5.sdk /Users/siberia/Desktop/VPN/VPN\ Manager/build/SDKStatCaches.noindex/macosx15.5-24F74-8254517eb8b97d462ccbc072ba9094c9.sdkstatcache
    cd /Users/siberia/Desktop/VPN/VPN\ Manager/VPN\ Manager.xcodeproj
    /Applications/Xcode.app/Contents/Developer/Toolchains/XcodeDefault.xctoolchain/usr/bin/clang-stat-cache /Applications/Xcode.app/Contents/Developer/Platforms/MacOSX.platform/Developer/SDKs/MacOSX15.5.sdk -o /Users/siberia/Desktop/VPN/VPN\ Manager/build/SDKStatCaches.noindex/macosx15.5-24F74-8254517eb8b97d462ccbc072ba9094c9.sdkstatcache

WriteAuxiliaryFile /Users/siberia/Desktop/VPN/VPN\ Manager/build/Build/Intermediates.noindex/VPN\ Manager.build/Debug/VPN\ Manager.build/Objects-normal/arm64/VPN\ Manager.SwiftFileList (in target 'VPN Manager' from project 'VPN Manager')
    cd /Users/siberia/Desktop/VPN/VPN\ Manager
    write-file /Users/siberia/Desktop/VPN/VPN\ Manager/build/Build/Intermediates.noindex/VPN\ Manager.build/Debug/VPN\ Manager.build/Objects-normal/arm64/VPN\ Manager.SwiftFileList

WriteAuxiliaryFile /Users/siberia/Desktop/VPN/VPN\ Manager/build/Build/Intermediates.noindex/VPN\ Manager.build/Debug/VPN\ Manager.build/Objects-normal/arm64/VPN\ Manager.LinkFileList (in target 'VPN Manager' from project 'VPN Manager')
    cd /Users/siberia/Desktop/VPN/VPN\ Manager
    write-file /Users/siberia/Desktop/VPN/VPN\ Manager/build/Build/Intermediates.noindex/VPN\ Manager.build/Debug/VPN\ Manager.build/Objects-normal/arm64/VPN\ Manager.LinkFileList

WriteAuxiliaryFile /Users/siberia/Desktop/VPN/VPN\ Manager/build/Build/Intermediates.noindex/VPN\ Manager.build/Debug/VPN\ Manager.build/Objects-normal/arm64/VPN\ Manager.SwiftConstValuesFileList (in target 'VPN Manager' from project 'VPN Manager')
    cd /Users/siberia/Desktop/VPN/VPN\ Manager
    write-file /Users/siberia/Desktop/VPN/VPN\ Manager/build/Build/Intermediates.noindex/VPN\ Manager.build/Debug/VPN\ Manager.build/Objects-normal/arm64/VPN\ Manager.SwiftConstValuesFileList

ProcessInfoPlistFile /Users/siberia/Desktop/VPN/VPN\ Manager/build/Build/Products/Debug/VPN\ Manager.app/Contents/Info.plist /Users/siberia/Desktop/VPN/VPN\ Manager/build/Build/Intermediates.noindex/VPN\ Manager.build/Debug/VPN\ Manager.build/empty-VPN\ Manager.plist (in target 'VPN Manager' from project 'VPN Manager')
    cd /Users/siberia/Desktop/VPN/VPN\ Manager
    builtin-infoPlistUtility /Users/siberia/Desktop/VPN/VPN\ Manager/build/Build/Intermediates.noindex/VPN\ Manager.build/Debug/VPN\ Manager.build/empty-VPN\ Manager.plist -producttype com.apple.product-type.application -genpkginfo /Users/siberia/Desktop/VPN/VPN\ Manager/build/Build/Products/Debug/VPN\ Manager.app/Contents/PkgInfo -expandbuildsettings -platform macosx -additionalcontentfile /Users/siberia/Desktop/VPN/VPN\ Manager/build/Build/Intermediates.noindex/VPN\ Manager.build/Debug/VPN\ Manager.build/assetcatalog_generated_info.plist -o /Users/siberia/Desktop/VPN/VPN\ Manager/build/Build/Products/Debug/VPN\ Manager.app/Contents/Info.plist

SwiftDriver VPN\ Manager normal arm64 com.apple.xcode.tools.swift.compiler (in target 'VPN Manager' from project 'VPN Manager')
    cd /Users/siberia/Desktop/VPN/VPN\ Manager
    builtin-SwiftDriver -- /Applications/Xcode.app/Contents/Developer/Toolchains/XcodeDefault.xctoolchain/usr/bin/swiftc -module-name VPN_Manager -Onone -enforce-exclusivity\=checked @/Users/siberia/Desktop/VPN/VPN\ Manager/build/Build/Intermediates.noindex/VPN\ Manager.build/Debug/VPN\ Manager.build/Objects-normal/arm64/VPN\ Manager.SwiftFileList -DDEBUG -enable-bare-slash-regex -enable-experimental-feature DebugDescriptionMacro -sdk /Applications/Xcode.app/Contents/Developer/Platforms/MacOSX.platform/Developer/SDKs/MacOSX15.5.sdk -target arm64-apple-macos15.5 -g -module-cache-path /Users/siberia/Desktop/VPN/VPN\ Manager/build/ModuleCache.noindex -Xfrontend -serialize-debugging-options -profile-coverage-mapping -profile-generate -enable-testing -index-store-path /Users/siberia/Desktop/VPN/VPN\ Manager/build/Index.noindex/DataStore -swift-version 5 -I /Users/siberia/Desktop/VPN/VPN\ Manager/build/Build/Products/Debug -F /Users/siberia/Desktop/VPN/VPN\ Manager/build/Build/Products/Debug -emit-localized-strings -emit-localized-strings-path /Users/siberia/Desktop/VPN/VPN\ Manager/build/Build/Intermediates.noindex/VPN\ Manager.build/Debug/VPN\ Manager.build/Objects-normal/arm64 -c -j8 -enable-batch-mode -incremental -Xcc -ivfsstatcache -Xcc /Users/siberia/Desktop/VPN/VPN\ Manager/build/SDKStatCaches.noindex/macosx15.5-24F74-8254517eb8b97d462ccbc072ba9094c9.sdkstatcache -output-file-map /Users/siberia/Desktop/VPN/VPN\ Manager/build/Build/Intermediates.noindex/VPN\ Manager.build/Debug/VPN\ Manager.build/Objects-normal/arm64/VPN\ Manager-OutputFileMap.json -use-frontend-parseable-output -save-temps -no-color-diagnostics -serialize-diagnostics -emit-dependencies -emit-module -emit-module-path /Users/siberia/Desktop/VPN/VPN\ Manager/build/Build/Intermediates.noindex/VPN\ Manager.build/Debug/VPN\ Manager.build/Objects-normal/arm64/VPN_Manager.swiftmodule -validate-clang-modules-once -clang-build-session-file /Users/siberia/Desktop/VPN/VPN\ Manager/build/ModuleCache.noindex/Session.modulevalidation -Xcc -I/Users/siberia/Desktop/VPN/VPN\ Manager/build/Build/Intermediates.noindex/VPN\ Manager.build/Debug/VPN\ Manager.build/swift-overrides.hmap -emit-const-values -Xfrontend -const-gather-protocols-file -Xfrontend /Users/siberia/Desktop/VPN/VPN\ Manager/build/Build/Intermediates.noindex/VPN\ Manager.build/Debug/VPN\ Manager.build/Objects-normal/arm64/VPN\ Manager_const_extract_protocols.json -Xcc -iquote -Xcc /Users/siberia/Desktop/VPN/VPN\ Manager/build/Build/Intermediates.noindex/VPN\ Manager.build/Debug/VPN\ Manager.build/VPN\ Manager-generated-files.hmap -Xcc -I/Users/siberia/Desktop/VPN/VPN\ Manager/build/Build/Intermediates.noindex/VPN\ Manager.build/Debug/VPN\ Manager.build/VPN\ Manager-own-target-headers.hmap -Xcc -I/Users/siberia/Desktop/VPN/VPN\ Manager/build/Build/Intermediates.noindex/VPN\ Manager.build/Debug/VPN\ Manager.build/VPN\ Manager-all-target-headers.hmap -Xcc -iquote -Xcc /Users/siberia/Desktop/VPN/VPN\ Manager/build/Build/Intermediates.noindex/VPN\ Manager.build/Debug/VPN\ Manager.build/VPN\ Manager-project-headers.hmap -Xcc -I/Users/siberia/Desktop/VPN/VPN\ Manager/build/Build/Products/Debug/include -Xcc -I/Users/siberia/Desktop/VPN/VPN\ Manager/build/Build/Intermediates.noindex/VPN\ Manager.build/Debug/VPN\ Manager.build/DerivedSources-normal/arm64 -Xcc -I/Users/siberia/Desktop/VPN/VPN\ Manager/build/Build/Intermediates.noindex/VPN\ Manager.build/Debug/VPN\ Manager.build/DerivedSources/arm64 -Xcc -I/Users/siberia/Desktop/VPN/VPN\ Manager/build/Build/Intermediates.noindex/VPN\ Manager.build/Debug/VPN\ Manager.build/DerivedSources -Xcc -DDEBUG\=1 -emit-objc-header -emit-objc-header-path /Users/siberia/Desktop/VPN/VPN\ Manager/build/Build/Intermediates.noindex/VPN\ Manager.build/Debug/VPN\ Manager.build/Objects-normal/arm64/VPN_Manager-Swift.h -working-directory /Users/siberia/Desktop/VPN/VPN\ Manager -experimental-emit-module-separately -disable-cmo

SwiftEmitModule normal arm64 Emitting\ module\ for\ VPN_Manager (in target 'VPN Manager' from project 'VPN Manager')

EmitSwiftModule normal arm64 (in target 'VPN Manager' from project 'VPN Manager')
    cd /Users/siberia/Desktop/VPN/VPN\ Manager
    
/Users/siberia/Desktop/VPN/VPN Manager/VPN Manager/SplittingTunnelManager.swift:231:64: warning: no calls to throwing functions occur within 'try' expression
    private lazy var commandRunner: PrivilegedCommandRunner? = try? PrivilegedCommandRunner()
                                                               ^

SwiftCompile normal arm64 Compiling\ AppLogger.swift /Users/siberia/Desktop/VPN/VPN\ Manager/VPN\ Manager/AppLogger.swift (in target 'VPN Manager' from project 'VPN Manager')
SwiftCompile normal arm64 /Users/siberia/Desktop/VPN/VPN\ Manager/VPN\ Manager/AppLogger.swift (in target 'VPN Manager' from project 'VPN Manager')
    cd /Users/siberia/Desktop/VPN/VPN\ Manager
    

SwiftCompile normal arm64 Compiling\ SplittingTunnelManager.swift /Users/siberia/Desktop/VPN/VPN\ Manager/VPN\ Manager/SplittingTunnelManager.swift (in target 'VPN Manager' from project 'VPN Manager')
SwiftCompile normal arm64 /Users/siberia/Desktop/VPN/VPN\ Manager/VPN\ Manager/SplittingTunnelManager.swift (in target 'VPN Manager' from project 'VPN Manager')
    cd /Users/siberia/Desktop/VPN/VPN\ Manager
    
/Users/siberia/Desktop/VPN/VPN Manager/VPN Manager/SplittingTunnelManager.swift:231:64: warning: no calls to throwing functions occur within 'try' expression
    private lazy var commandRunner: PrivilegedCommandRunner? = try? PrivilegedCommandRunner()
                                                               ^
/Users/siberia/Desktop/VPN/VPN Manager/VPN Manager/SplittingTunnelManager.swift:147:45: warning: cannot pass 'String' to parameter; argument 'name' must be a pointer that outlives the call to 'init(name:valueLength:value:flags:)'
        var right = AuthorizationItem(name: kAuthorizationRightExecute, valueLength: 0, value: nil, flags: 0)
                                            ^~~~~~~~~~~~~~~~~~~~~~~~~~
/Users/siberia/Desktop/VPN/VPN Manager/VPN Manager/SplittingTunnelManager.swift:147:45: note: implicit argument conversion from 'String' to 'AuthorizationString' (aka 'UnsafePointer<Int8>') produces a pointer valid only for the duration of the call to 'init(name:valueLength:value:flags:)'
        var right = AuthorizationItem(name: kAuthorizationRightExecute, valueLength: 0, value: nil, flags: 0)
                                            ^~~~~~~~~~~~~~~~~~~~~~~~~~
/Users/siberia/Desktop/VPN/VPN Manager/VPN Manager/SplittingTunnelManager.swift:147:45: note: use the 'withCString' method on String in order to explicitly convert argument to pointer valid for a defined scope
        var right = AuthorizationItem(name: kAuthorizationRightExecute, valueLength: 0, value: nil, flags: 0)
                                            ^
/Users/siberia/Desktop/VPN/VPN Manager/VPN Manager/SplittingTunnelManager.swift:148:59: warning: cannot use inout expression here; argument 'items' must be a pointer that outlives the call to 'init(count:items:)'
        var rights = AuthorizationRights(count: 1, items: &right)
                                                          ^~~~~~
/Users/siberia/Desktop/VPN/VPN Manager/VPN Manager/SplittingTunnelManager.swift:148:59: note: implicit argument conversion from 'AuthorizationItem' to 'UnsafeMutablePointer<AuthorizationItem>?' produces a pointer valid only for the duration of the call to 'init(count:items:)'
        var rights = AuthorizationRights(count: 1, items: &right)
                                                          ^~~~~~
/Users/siberia/Desktop/VPN/VPN Manager/VPN Manager/SplittingTunnelManager.swift:148:59: note: use 'withUnsafeMutablePointer' in order to explicitly convert argument to pointer valid for a defined scope
        var rights = AuthorizationRights(count: 1, items: &right)
                                                          ^

SwiftCompile normal arm64 Compiling\ VPN_ManagerApp.swift /Users/siberia/Desktop/VPN/VPN\ Manager/VPN\ Manager/VPN_ManagerApp.swift (in target 'VPN Manager' from project 'VPN Manager')
SwiftCompile normal arm64 /Users/siberia/Desktop/VPN/VPN\ Manager/VPN\ Manager/VPN_ManagerApp.swift (in target 'VPN Manager' from project 'VPN Manager')
    cd /Users/siberia/Desktop/VPN/VPN\ Manager
    

SwiftCompile normal arm64 Compiling\ ContentView.swift /Users/siberia/Desktop/VPN/VPN\ Manager/VPN\ Manager/ContentView.swift (in target 'VPN Manager' from project 'VPN Manager')

SwiftCompile normal arm64 /Users/siberia/Desktop/VPN/VPN\ Manager/VPN\ Manager/ContentView.swift (in target 'VPN Manager' from project 'VPN Manager')
    cd /Users/siberia/Desktop/VPN/VPN\ Manager
    

SwiftCompile normal arm64 Compiling\ GeneratedAssetSymbols.swift /Users/siberia/Desktop/VPN/VPN\ Manager/build/Build/Intermediates.noindex/VPN\ Manager.build/Debug/VPN\ Manager.build/DerivedSources/GeneratedAssetSymbols.swift (in target 'VPN Manager' from project 'VPN Manager')
SwiftCompile normal arm64 /Users/siberia/Desktop/VPN/VPN\ Manager/build/Build/Intermediates.noindex/VPN\ Manager.build/Debug/VPN\ Manager.build/DerivedSources/GeneratedAssetSymbols.swift (in target 'VPN Manager' from project 'VPN Manager')
    cd /Users/siberia/Desktop/VPN/VPN\ Manager
    

SwiftDriverJobDiscovery normal arm64 Emitting module for VPN_Manager (in target 'VPN Manager' from project 'VPN Manager')

SwiftDriver\ Compilation\ Requirements VPN\ Manager normal arm64 com.apple.xcode.tools.swift.compiler (in target 'VPN Manager' from project 'VPN Manager')
    cd /Users/siberia/Desktop/VPN/VPN\ Manager
    builtin-Swift-Compilation-Requirements -- /Applications/Xcode.app/Contents/Developer/Toolchains/XcodeDefault.xctoolchain/usr/bin/swiftc -module-name VPN_Manager -Onone -enforce-exclusivity\=checked @/Users/siberia/Desktop/VPN/VPN\ Manager/build/Build/Intermediates.noindex/VPN\ Manager.build/Debug/VPN\ Manager.build/Objects-normal/arm64/VPN\ Manager.SwiftFileList -DDEBUG -enable-bare-slash-regex -enable-experimental-feature DebugDescriptionMacro -sdk /Applications/Xcode.app/Contents/Developer/Platforms/MacOSX.platform/Developer/SDKs/MacOSX15.5.sdk -target arm64-apple-macos15.5 -g -module-cache-path /Users/siberia/Desktop/VPN/VPN\ Manager/build/ModuleCache.noindex -Xfrontend -serialize-debugging-options -profile-coverage-mapping -profile-generate -enable-testing -index-store-path /Users/siberia/Desktop/VPN/VPN\ Manager/build/Index.noindex/DataStore -swift-version 5 -I /Users/siberia/Desktop/VPN/VPN\ Manager/build/Build/Products/Debug -F /Users/siberia/Desktop/VPN/VPN\ Manager/build/Build/Products/Debug -emit-localized-strings -emit-localized-strings-path /Users/siberia/Desktop/VPN/VPN\ Manager/build/Build/Intermediates.noindex/VPN\ Manager.build/Debug/VPN\ Manager.build/Objects-normal/arm64 -c -j8 -enable-batch-mode -incremental -Xcc -ivfsstatcache -Xcc /Users/siberia/Desktop/VPN/VPN\ Manager/build/SDKStatCaches.noindex/macosx15.5-24F74-8254517eb8b97d462ccbc072ba9094c9.sdkstatcache -output-file-map /Users/siberia/Desktop/VPN/VPN\ Manager/build/Build/Intermediates.noindex/VPN\ Manager.build/Debug/VPN\ Manager.build/Objects-normal/arm64/VPN\ Manager-OutputFileMap.json -use-frontend-parseable-output -save-temps -no-color-diagnostics -serialize-diagnostics -emit-dependencies -emit-module -emit-module-path /Users/siberia/Desktop/VPN/VPN\ Manager/build/Build/Intermediates.noindex/VPN\ Manager.build/Debug/VPN\ Manager.build/Objects-normal/arm64/VPN_Manager.swiftmodule -validate-clang-modules-once -clang-build-session-file /Users/siberia/Desktop/VPN/VPN\ Manager/build/ModuleCache.noindex/Session.modulevalidation -Xcc -I/Users/siberia/Desktop/VPN/VPN\ Manager/build/Build/Intermediates.noindex/VPN\ Manager.build/Debug/VPN\ Manager.build/swift-overrides.hmap -emit-const-values -Xfrontend -const-gather-protocols-file -Xfrontend /Users/siberia/Desktop/VPN/VPN\ Manager/build/Build/Intermediates.noindex/VPN\ Manager.build/Debug/VPN\ Manager.build/Objects-normal/arm64/VPN\ Manager_const_extract_protocols.json -Xcc -iquote -Xcc /Users/siberia/Desktop/VPN/VPN\ Manager/build/Build/Intermediates.noindex/VPN\ Manager.build/Debug/VPN\ Manager.build/VPN\ Manager-generated-files.hmap -Xcc -I/Users/siberia/Desktop/VPN/VPN\ Manager/build/Build/Intermediates.noindex/VPN\ Manager.build/Debug/VPN\ Manager.build/VPN\ Manager-own-target-headers.hmap -Xcc -I/Users/siberia/Desktop/VPN/VPN\ Manager/build/Build/Intermediates.noindex/VPN\ Manager.build/Debug/VPN\ Manager.build/VPN\ Manager-all-target-headers.hmap -Xcc -iquote -Xcc /Users/siberia/Desktop/VPN/VPN\ Manager/build/Build/Intermediates.noindex/VPN\ Manager.build/Debug/VPN\ Manager.build/VPN\ Manager-project-headers.hmap -Xcc -I/Users/siberia/Desktop/VPN/VPN\ Manager/build/Build/Products/Debug/include -Xcc -I/Users/siberia/Desktop/VPN/VPN\ Manager/build/Build/Intermediates.noindex/VPN\ Manager.build/Debug/VPN\ Manager.build/DerivedSources-normal/arm64 -Xcc -I/Users/siberia/Desktop/VPN/VPN\ Manager/build/Build/Intermediates.noindex/VPN\ Manager.build/Debug/VPN\ Manager.build/DerivedSources/arm64 -Xcc -I/Users/siberia/Desktop/VPN/VPN\ Manager/build/Build/Intermediates.noindex/VPN\ Manager.build/Debug/VPN\ Manager.build/DerivedSources -Xcc -DDEBUG\=1 -emit-objc-header -emit-objc-header-path /Users/siberia/Desktop/VPN/VPN\ Manager/build/Build/Intermediates.noindex/VPN\ Manager.build/Debug/VPN\ Manager.build/Objects-normal/arm64/VPN_Manager-Swift.h -working-directory /Users/siberia/Desktop/VPN/VPN\ Manager -experimental-emit-module-separately -disable-cmo

SwiftMergeGeneratedHeaders /Users/siberia/Desktop/VPN/VPN\ Manager/build/Build/Intermediates.noindex/VPN\ Manager.build/Debug/VPN\ Manager.build/DerivedSources/VPN_Manager-Swift.h /Users/siberia/Desktop/VPN/VPN\ Manager/build/Build/Intermediates.noindex/VPN\ Manager.build/Debug/VPN\ Manager.build/Objects-normal/arm64/VPN_Manager-Swift.h (in target 'VPN Manager' from project 'VPN Manager')
    cd /Users/siberia/Desktop/VPN/VPN\ Manager
    builtin-swiftHeaderTool -arch arm64 /Users/siberia/Desktop/VPN/VPN\ Manager/build/Build/Intermediates.noindex/VPN\ Manager.build/Debug/VPN\ Manager.build/Objects-normal/arm64/VPN_Manager-Swift.h -o /Users/siberia/Desktop/VPN/VPN\ Manager/build/Build/Intermediates.noindex/VPN\ Manager.build/Debug/VPN\ Manager.build/DerivedSources/VPN_Manager-Swift.h

Copy /Users/siberia/Desktop/VPN/VPN\ Manager/build/Build/Products/Debug/VPN_Manager.swiftmodule/arm64-apple-macos.swiftdoc /Users/siberia/Desktop/VPN/VPN\ Manager/build/Build/Intermediates.noindex/VPN\ Manager.build/Debug/VPN\ Manager.build/Objects-normal/arm64/VPN_Manager.swiftdoc (in target 'VPN Manager' from project 'VPN Manager')
    cd /Users/siberia/Desktop/VPN/VPN\ Manager
    builtin-copy -exclude .DS_Store -exclude CVS -exclude .svn -exclude .git -exclude .hg -resolve-src-symlinks -rename /Users/siberia/Desktop/VPN/VPN\ Manager/build/Build/Intermediates.noindex/VPN\ Manager.build/Debug/VPN\ Manager.build/Objects-normal/arm64/VPN_Manager.swiftdoc /Users/siberia/Desktop/VPN/VPN\ Manager/build/Build/Products/Debug/VPN_Manager.swiftmodule/arm64-apple-macos.swiftdoc

Copy /Users/siberia/Desktop/VPN/VPN\ Manager/build/Build/Products/Debug/VPN_Manager.swiftmodule/arm64-apple-macos.swiftmodule /Users/siberia/Desktop/VPN/VPN\ Manager/build/Build/Intermediates.noindex/VPN\ Manager.build/Debug/VPN\ Manager.build/Objects-normal/arm64/VPN_Manager.swiftmodule (in target 'VPN Manager' from project 'VPN Manager')
    cd /Users/siberia/Desktop/VPN/VPN\ Manager
    builtin-copy -exclude .DS_Store -exclude CVS -exclude .svn -exclude .git -exclude .hg -resolve-src-symlinks -rename /Users/siberia/Desktop/VPN/VPN\ Manager/build/Build/Intermediates.noindex/VPN\ Manager.build/Debug/VPN\ Manager.build/Objects-normal/arm64/VPN_Manager.swiftmodule /Users/siberia/Desktop/VPN/VPN\ Manager/build/Build/Products/Debug/VPN_Manager.swiftmodule/arm64-apple-macos.swiftmodule

Copy /Users/siberia/Desktop/VPN/VPN\ Manager/build/Build/Products/Debug/VPN_Manager.swiftmodule/arm64-apple-macos.abi.json /Users/siberia/Desktop/VPN/VPN\ Manager/build/Build/Intermediates.noindex/VPN\ Manager.build/Debug/VPN\ Manager.build/Objects-normal/arm64/VPN_Manager.abi.json (in target 'VPN Manager' from project 'VPN Manager')
    cd /Users/siberia/Desktop/VPN/VPN\ Manager
    builtin-copy -exclude .DS_Store -exclude CVS -exclude .svn -exclude .git -exclude .hg -resolve-src-symlinks -rename /Users/siberia/Desktop/VPN/VPN\ Manager/build/Build/Intermediates.noindex/VPN\ Manager.build/Debug/VPN\ Manager.build/Objects-normal/arm64/VPN_Manager.abi.json /Users/siberia/Desktop/VPN/VPN\ Manager/build/Build/Products/Debug/VPN_Manager.swiftmodule/arm64-apple-macos.abi.json

Copy /Users/siberia/Desktop/VPN/VPN\ Manager/build/Build/Products/Debug/VPN_Manager.swiftmodule/Project/arm64-apple-macos.swiftsourceinfo /Users/siberia/Desktop/VPN/VPN\ Manager/build/Build/Intermediates.noindex/VPN\ Manager.build/Debug/VPN\ Manager.build/Objects-normal/arm64/VPN_Manager.swiftsourceinfo (in target 'VPN Manager' from project 'VPN Manager')
    cd /Users/siberia/Desktop/VPN/VPN\ Manager
    builtin-copy -exclude .DS_Store -exclude CVS -exclude .svn -exclude .git -exclude .hg -resolve-src-symlinks -rename /Users/siberia/Desktop/VPN/VPN\ Manager/build/Build/Intermediates.noindex/VPN\ Manager.build/Debug/VPN\ Manager.build/Objects-normal/arm64/VPN_Manager.swiftsourceinfo /Users/siberia/Desktop/VPN/VPN\ Manager/build/Build/Products/Debug/VPN_Manager.swiftmodule/Project/arm64-apple-macos.swiftsourceinfo

SwiftDriverJobDiscovery normal arm64 Compiling AppLogger.swift (in target 'VPN Manager' from project 'VPN Manager')

SwiftDriverJobDiscovery normal arm64 Compiling SplittingTunnelManager.swift (in target 'VPN Manager' from project 'VPN Manager')

SwiftDriverJobDiscovery normal arm64 Compiling ContentView.swift (in target 'VPN Manager' from project 'VPN Manager')

SwiftDriverJobDiscovery normal arm64 Compiling VPN_ManagerApp.swift (in target 'VPN Manager' from project 'VPN Manager')

SwiftDriverJobDiscovery normal arm64 Compiling GeneratedAssetSymbols.swift (in target 'VPN Manager' from project 'VPN Manager')

SwiftDriver\ Compilation VPN\ Manager normal arm64 com.apple.xcode.tools.swift.compiler (in target 'VPN Manager' from project 'VPN Manager')
    cd /Users/siberia/Desktop/VPN/VPN\ Manager
    builtin-Swift-Compilation -- /Applications/Xcode.app/Contents/Developer/Toolchains/XcodeDefault.xctoolchain/usr/bin/swiftc -module-name VPN_Manager -Onone -enforce-exclusivity\=checked @/Users/siberia/Desktop/VPN/VPN\ Manager/build/Build/Intermediates.noindex/VPN\ Manager.build/Debug/VPN\ Manager.build/Objects-normal/arm64/VPN\ Manager.SwiftFileList -DDEBUG -enable-bare-slash-regex -enable-experimental-feature DebugDescriptionMacro -sdk /Applications/Xcode.app/Contents/Developer/Platforms/MacOSX.platform/Developer/SDKs/MacOSX15.5.sdk -target arm64-apple-macos15.5 -g -module-cache-path /Users/siberia/Desktop/VPN/VPN\ Manager/build/ModuleCache.noindex -Xfrontend -serialize-debugging-options -profile-coverage-mapping -profile-generate -enable-testing -index-store-path /Users/siberia/Desktop/VPN/VPN\ Manager/build/Index.noindex/DataStore -swift-version 5 -I /Users/siberia/Desktop/VPN/VPN\ Manager/build/Build/Products/Debug -F /Users/siberia/Desktop/VPN/VPN\ Manager/build/Build/Products/Debug -emit-localized-strings -emit-localized-strings-path /Users/siberia/Desktop/VPN/VPN\ Manager/build/Build/Intermediates.noindex/VPN\ Manager.build/Debug/VPN\ Manager.build/Objects-normal/arm64 -c -j8 -enable-batch-mode -incremental -Xcc -ivfsstatcache -Xcc /Users/siberia/Desktop/VPN/VPN\ Manager/build/SDKStatCaches.noindex/macosx15.5-24F74-8254517eb8b97d462ccbc072ba9094c9.sdkstatcache -output-file-map /Users/siberia/Desktop/VPN/VPN\ Manager/build/Build/Intermediates.noindex/VPN\ Manager.build/Debug/VPN\ Manager.build/Objects-normal/arm64/VPN\ Manager-OutputFileMap.json -use-frontend-parseable-output -save-temps -no-color-diagnostics -serialize-diagnostics -emit-dependencies -emit-module -emit-module-path /Users/siberia/Desktop/VPN/VPN\ Manager/build/Build/Intermediates.noindex/VPN\ Manager.build/Debug/VPN\ Manager.build/Objects-normal/arm64/VPN_Manager.swiftmodule -validate-clang-modules-once -clang-build-session-file /Users/siberia/Desktop/VPN/VPN\ Manager/build/ModuleCache.noindex/Session.modulevalidation -Xcc -I/Users/siberia/Desktop/VPN/VPN\ Manager/build/Build/Intermediates.noindex/VPN\ Manager.build/Debug/VPN\ Manager.build/swift-overrides.hmap -emit-const-values -Xfrontend -const-gather-protocols-file -Xfrontend /Users/siberia/Desktop/VPN/VPN\ Manager/build/Build/Intermediates.noindex/VPN\ Manager.build/Debug/VPN\ Manager.build/Objects-normal/arm64/VPN\ Manager_const_extract_protocols.json -Xcc -iquote -Xcc /Users/siberia/Desktop/VPN/VPN\ Manager/build/Build/Intermediates.noindex/VPN\ Manager.build/Debug/VPN\ Manager.build/VPN\ Manager-generated-files.hmap -Xcc -I/Users/siberia/Desktop/VPN/VPN\ Manager/build/Build/Intermediates.noindex/VPN\ Manager.build/Debug/VPN\ Manager.build/VPN\ Manager-own-target-headers.hmap -Xcc -I/Users/siberia/Desktop/VPN/VPN\ Manager/build/Build/Intermediates.noindex/VPN\ Manager.build/Debug/VPN\ Manager.build/VPN\ Manager-all-target-headers.hmap -Xcc -iquote -Xcc /Users/siberia/Desktop/VPN/VPN\ Manager/build/Build/Intermediates.noindex/VPN\ Manager.build/Debug/VPN\ Manager.build/VPN\ Manager-project-headers.hmap -Xcc -I/Users/siberia/Desktop/VPN/VPN\ Manager/build/Build/Products/Debug/include -Xcc -I/Users/siberia/Desktop/VPN/VPN\ Manager/build/Build/Intermediates.noindex/VPN\ Manager.build/Debug/VPN\ Manager.build/DerivedSources-normal/arm64 -Xcc -I/Users/siberia/Desktop/VPN/VPN\ Manager/build/Build/Intermediates.noindex/VPN\ Manager.build/Debug/VPN\ Manager.build/DerivedSources/arm64 -Xcc -I/Users/siberia/Desktop/VPN/VPN\ Manager/build/Build/Intermediates.noindex/VPN\ Manager.build/Debug/VPN\ Manager.build/DerivedSources -Xcc -DDEBUG\=1 -emit-objc-header -emit-objc-header-path /Users/siberia/Desktop/VPN/VPN\ Manager/build/Build/Intermediates.noindex/VPN\ Manager.build/Debug/VPN\ Manager.build/Objects-normal/arm64/VPN_Manager-Swift.h -working-directory /Users/siberia/Desktop/VPN/VPN\ Manager -experimental-emit-module-separately -disable-cmo

Ld /Users/siberia/Desktop/VPN/VPN\ Manager/build/Build/Products/Debug/VPN\ Manager.app/Contents/MacOS/VPN\ Manager.debug.dylib normal (in target 'VPN Manager' from project 'VPN Manager')
    cd /Users/siberia/Desktop/VPN/VPN\ Manager
    /Applications/Xcode.app/Contents/Developer/Toolchains/XcodeDefault.xctoolchain/usr/bin/clang -Xlinker -reproducible -target arm64-apple-macos15.5 -dynamiclib -isysroot /Applications/Xcode.app/Contents/Developer/Platforms/MacOSX.platform/Developer/SDKs/MacOSX15.5.sdk -O0 -L/Users/siberia/Desktop/VPN/VPN\ Manager/build/Build/Intermediates.noindex/EagerLinkingTBDs/Debug -L/Users/siberia/Desktop/VPN/VPN\ Manager/build/Build/Products/Debug -F/Users/siberia/Desktop/VPN/VPN\ Manager/build/Build/Intermediates.noindex/EagerLinkingTBDs/Debug -F/Users/siberia/Desktop/VPN/VPN\ Manager/build/Build/Products/Debug -filelist /Users/siberia/Desktop/VPN/VPN\ Manager/build/Build/Intermediates.noindex/VPN\ Manager.build/Debug/VPN\ Manager.build/Objects-normal/arm64/VPN\ Manager.LinkFileList -install_name @rpath/VPN\ Manager.debug.dylib -Xlinker -rpath -Xlinker @executable_path/../Frameworks -Xlinker -object_path_lto -Xlinker /Users/siberia/Desktop/VPN/VPN\ Manager/build/Build/Intermediates.noindex/VPN\ Manager.build/Debug/VPN\ Manager.build/Objects-normal/arm64/VPN\ Manager_lto.o -rdynamic -Xlinker -no_deduplicate -Xlinker -debug_variant -Xlinker -dependency_info -Xlinker /Users/siberia/Desktop/VPN/VPN\ Manager/build/Build/Intermediates.noindex/VPN\ Manager.build/Debug/VPN\ Manager.build/Objects-normal/arm64/VPN\ Manager_dependency_info.dat -fobjc-link-runtime -fprofile-instr-generate -L/Applications/Xcode.app/Contents/Developer/Toolchains/XcodeDefault.xctoolchain/usr/lib/swift/macosx -L/usr/lib/swift -Xlinker -add_ast_path -Xlinker /Users/siberia/Desktop/VPN/VPN\ Manager/build/Build/Intermediates.noindex/VPN\ Manager.build/Debug/VPN\ Manager.build/Objects-normal/arm64/VPN_Manager.swiftmodule -Xlinker -alias -Xlinker _main -Xlinker ___debug_main_executable_dylib_entry_point -Xlinker -no_adhoc_codesign -o /Users/siberia/Desktop/VPN/VPN\ Manager/build/Build/Products/Debug/VPN\ Manager.app/Contents/MacOS/VPN\ Manager.debug.dylib

ConstructStubExecutorLinkFileList /Users/siberia/Desktop/VPN/VPN\ Manager/build/Build/Intermediates.noindex/VPN\ Manager.build/Debug/VPN\ Manager.build/VPN\ Manager-ExecutorLinkFileList-normal-arm64.txt (in target 'VPN Manager' from project 'VPN Manager')
    cd /Users/siberia/Desktop/VPN/VPN\ Manager
    construct-stub-executor-link-file-list /Users/siberia/Desktop/VPN/VPN\ Manager/build/Build/Products/Debug/VPN\ Manager.app/Contents/MacOS/VPN\ Manager.debug.dylib /Applications/Xcode.app/Contents/Developer/Platforms/MacOSX.platform/Developer/usr/lib/libPreviewsJITStubExecutor_no_swift_entry_point.a /Applications/Xcode.app/Contents/Developer/Platforms/MacOSX.platform/Developer/usr/lib/libPreviewsJITStubExecutor.a --output /Users/siberia/Desktop/VPN/VPN\ Manager/build/Build/Intermediates.noindex/VPN\ Manager.build/Debug/VPN\ Manager.build/VPN\ Manager-ExecutorLinkFileList-normal-arm64.txt
note: Using stub executor library with Swift entry point. (in target 'VPN Manager' from project 'VPN Manager')

Ld /Users/siberia/Desktop/VPN/VPN\ Manager/build/Build/Products/Debug/VPN\ Manager.app/Contents/MacOS/VPN\ Manager normal (in target 'VPN Manager' from project 'VPN Manager')
    cd /Users/siberia/Desktop/VPN/VPN\ Manager
    /Applications/Xcode.app/Contents/Developer/Toolchains/XcodeDefault.xctoolchain/usr/bin/clang -Xlinker -reproducible -target arm64-apple-macos15.5 -isysroot /Applications/Xcode.app/Contents/Developer/Platforms/MacOSX.platform/Developer/SDKs/MacOSX15.5.sdk -O0 -L/Users/siberia/Desktop/VPN/VPN\ Manager/build/Build/Products/Debug -F/Users/siberia/Desktop/VPN/VPN\ Manager/build/Build/Products/Debug -Xlinker -rpath -Xlinker @executable_path -Xlinker -rpath -Xlinker @executable_path/../Frameworks -rdynamic -Xlinker -no_deduplicate -Xlinker -debug_variant -e ___debug_blank_executor_main -Xlinker -sectcreate -Xlinker __TEXT -Xlinker __debug_dylib -Xlinker /Users/siberia/Desktop/VPN/VPN\ Manager/build/Build/Intermediates.noindex/VPN\ Manager.build/Debug/VPN\ Manager.build/VPN\ Manager-DebugDylibPath-normal-arm64.txt -Xlinker -sectcreate -Xlinker __TEXT -Xlinker __debug_instlnm -Xlinker /Users/siberia/Desktop/VPN/VPN\ Manager/build/Build/Intermediates.noindex/VPN\ Manager.build/Debug/VPN\ Manager.build/VPN\ Manager-DebugDylibInstallName-normal-arm64.txt -Xlinker -filelist -Xlinker /Users/siberia/Desktop/VPN/VPN\ Manager/build/Build/Intermediates.noindex/VPN\ Manager.build/Debug/VPN\ Manager.build/VPN\ Manager-ExecutorLinkFileList-normal-arm64.txt /Users/siberia/Desktop/VPN/VPN\ Manager/build/Build/Products/Debug/VPN\ Manager.app/Contents/MacOS/VPN\ Manager.debug.dylib -Xlinker -no_adhoc_codesign -o /Users/siberia/Desktop/VPN/VPN\ Manager/build/Build/Products/Debug/VPN\ Manager.app/Contents/MacOS/VPN\ Manager

CopySwiftLibs /Users/siberia/Desktop/VPN/VPN\ Manager/build/Build/Products/Debug/VPN\ Manager.app (in target 'VPN Manager' from project 'VPN Manager')
    cd /Users/siberia/Desktop/VPN/VPN\ Manager
    builtin-swiftStdLibTool --copy --verbose --sign - --scan-executable /Users/siberia/Desktop/VPN/VPN\ Manager/build/Build/Products/Debug/VPN\ Manager.app/Contents/MacOS/VPN\ Manager.debug.dylib --scan-folder /Users/siberia/Desktop/VPN/VPN\ Manager/build/Build/Products/Debug/VPN\ Manager.app/Contents/Frameworks --scan-folder /Users/siberia/Desktop/VPN/VPN\ Manager/build/Build/Products/Debug/VPN\ Manager.app/Contents/PlugIns --scan-folder /Users/siberia/Desktop/VPN/VPN\ Manager/build/Build/Products/Debug/VPN\ Manager.app/Contents/Library/SystemExtensions --scan-folder /Users/siberia/Desktop/VPN/VPN\ Manager/build/Build/Products/Debug/VPN\ Manager.app/Contents/Extensions --platform macosx --toolchain /Applications/Xcode.app/Contents/Developer/Toolchains/XcodeDefault.xctoolchain --destination /Users/siberia/Desktop/VPN/VPN\ Manager/build/Build/Products/Debug/VPN\ Manager.app/Contents/Frameworks --strip-bitcode --strip-bitcode-tool /Applications/Xcode.app/Contents/Developer/Toolchains/XcodeDefault.xctoolchain/usr/bin/bitcode_strip --emit-dependency-info /Users/siberia/Desktop/VPN/VPN\ Manager/build/Build/Intermediates.noindex/VPN\ Manager.build/Debug/VPN\ Manager.build/SwiftStdLibToolInputDependencies.dep --filter-for-swift-os

ExtractAppIntentsMetadata (in target 'VPN Manager' from project 'VPN Manager')
    cd /Users/siberia/Desktop/VPN/VPN\ Manager
    /Applications/Xcode.app/Contents/Developer/Toolchains/XcodeDefault.xctoolchain/usr/bin/appintentsmetadataprocessor --toolchain-dir /Applications/Xcode.app/Contents/Developer/Toolchains/XcodeDefault.xctoolchain --module-name VPN_Manager --sdk-root /Applications/Xcode.app/Contents/Developer/Platforms/MacOSX.platform/Developer/SDKs/MacOSX15.5.sdk --xcode-version 16F6 --platform-family macOS --deployment-target 15.5 --bundle-identifier siberia-1337.VPN-Manager --output /Users/siberia/Desktop/VPN/VPN\ Manager/build/Build/Products/Debug/VPN\ Manager.app/Contents/Resources --target-triple arm64-apple-macos15.5 --binary-file /Users/siberia/Desktop/VPN/VPN\ Manager/build/Build/Products/Debug/VPN\ Manager.app/Contents/MacOS/VPN\ Manager --dependency-file /Users/siberia/Desktop/VPN/VPN\ Manager/build/Build/Intermediates.noindex/VPN\ Manager.build/Debug/VPN\ Manager.build/Objects-normal/arm64/VPN\ Manager_dependency_info.dat --stringsdata-file /Users/siberia/Desktop/VPN/VPN\ Manager/build/Build/Intermediates.noindex/VPN\ Manager.build/Debug/VPN\ Manager.build/Objects-normal/arm64/ExtractedAppShortcutsMetadata.stringsdata --source-file-list /Users/siberia/Desktop/VPN/VPN\ Manager/build/Build/Intermediates.noindex/VPN\ Manager.build/Debug/VPN\ Manager.build/Objects-normal/arm64/VPN\ Manager.SwiftFileList --metadata-file-list /Users/siberia/Desktop/VPN/VPN\ Manager/build/Build/Intermediates.noindex/VPN\ Manager.build/Debug/VPN\ Manager.build/VPN\ Manager.DependencyMetadataFileList --static-metadata-file-list /Users/siberia/Desktop/VPN/VPN\ Manager/build/Build/Intermediates.noindex/VPN\ Manager.build/Debug/VPN\ Manager.build/VPN\ Manager.DependencyStaticMetadataFileList --swift-const-vals-list /Users/siberia/Desktop/VPN/VPN\ Manager/build/Build/Intermediates.noindex/VPN\ Manager.build/Debug/VPN\ Manager.build/Objects-normal/arm64/VPN\ Manager.SwiftConstValuesFileList --compile-time-extraction --deployment-aware-processing --validate-assistant-intents --no-app-shortcuts-localization
2025-11-11 21:20:17.817 appintentsmetadataprocessor[78735:1448265] Starting appintentsmetadataprocessor export
2025-11-11 21:20:17.819 appintentsmetadataprocessor[78735:1448265] warning: Metadata extraction skipped. No AppIntents.framework dependency found.

CodeSign /Users/siberia/Desktop/VPN/VPN\ Manager/build/Build/Products/Debug/VPN\ Manager.app/Contents/MacOS/VPN\ Manager.debug.dylib (in target 'VPN Manager' from project 'VPN Manager')
    cd /Users/siberia/Desktop/VPN/VPN\ Manager
    
    Signing Identity:     "Sign to Run Locally"
    
    /usr/bin/codesign --force --sign - --timestamp\=none --generate-entitlement-der /Users/siberia/Desktop/VPN/VPN\ Manager/build/Build/Products/Debug/VPN\ Manager.app/Contents/MacOS/VPN\ Manager.debug.dylib

CodeSign /Users/siberia/Desktop/VPN/VPN\ Manager/build/Build/Products/Debug/VPN\ Manager.app/Contents/MacOS/__preview.dylib (in target 'VPN Manager' from project 'VPN Manager')
    cd /Users/siberia/Desktop/VPN/VPN\ Manager
    
    Signing Identity:     "Sign to Run Locally"
    
    /usr/bin/codesign --force --sign - --timestamp\=none --generate-entitlement-der /Users/siberia/Desktop/VPN/VPN\ Manager/build/Build/Products/Debug/VPN\ Manager.app/Contents/MacOS/__preview.dylib

CodeSign /Users/siberia/Desktop/VPN/VPN\ Manager/build/Build/Products/Debug/VPN\ Manager.app (in target 'VPN Manager' from project 'VPN Manager')
    cd /Users/siberia/Desktop/VPN/VPN\ Manager
    
    Signing Identity:     "Sign to Run Locally"
    
    /usr/bin/codesign --force --sign - --entitlements /Users/siberia/Desktop/VPN/VPN\ Manager/build/Build/Intermediates.noindex/VPN\ Manager.build/Debug/VPN\ Manager.build/VPN\ Manager.app.xcent --timestamp\=none --generate-entitlement-der /Users/siberia/Desktop/VPN/VPN\ Manager/build/Build/Products/Debug/VPN\ Manager.app

RegisterExecutionPolicyException /Users/siberia/Desktop/VPN/VPN\ Manager/build/Build/Products/Debug/VPN\ Manager.app (in target 'VPN Manager' from project 'VPN Manager')
    cd /Users/siberia/Desktop/VPN/VPN\ Manager
    builtin-RegisterExecutionPolicyException /Users/siberia/Desktop/VPN/VPN\ Manager/build/Build/Products/Debug/VPN\ Manager.app

Validate /Users/siberia/Desktop/VPN/VPN\ Manager/build/Build/Products/Debug/VPN\ Manager.app (in target 'VPN Manager' from project 'VPN Manager')
    cd /Users/siberia/Desktop/VPN/VPN\ Manager
    builtin-validationUtility /Users/siberia/Desktop/VPN/VPN\ Manager/build/Build/Products/Debug/VPN\ Manager.app -no-validate-extension -infoplist-subpath Contents/Info.plist

Touch /Users/siberia/Desktop/VPN/VPN\ Manager/build/Build/Products/Debug/VPN\ Manager.app (in target 'VPN Manager' from project 'VPN Manager')
    cd /Users/siberia/Desktop/VPN/VPN\ Manager
    /usr/bin/touch -c /Users/siberia/Desktop/VPN/VPN\ Manager/build/Build/Products/Debug/VPN\ Manager.app

RegisterWithLaunchServices /Users/siberia/Desktop/VPN/VPN\ Manager/build/Build/Products/Debug/VPN\ Manager.app (in target 'VPN Manager' from project 'VPN Manager')
    cd /Users/siberia/Desktop/VPN/VPN\ Manager
    /System/Library/Frameworks/CoreServices.framework/Versions/Current/Frameworks/LaunchServices.framework/Versions/Current/Support/lsregister -f -R -trusted /Users/siberia/Desktop/VPN/VPN\ Manager/build/Build/Products/Debug/VPN\ Manager.app

** BUILD SUCCEEDED **

